******************************************************************************
                  TI ARM Linker PC v20.2.1                     
******************************************************************************
>> Linked Fri Jul 23 23:21:39 2021

OUTPUT FILE NAME:   <HWT906.out>
ENTRY POINT SYMBOL: "_c_int00_noargs"  address: 00001241


MEMORY CONFIGURATION

         name            origin    length      used     unused   attr    fill
----------------------  --------  ---------  --------  --------  ----  --------
  FLASH                 00000000   00040000  00001502  0003eafe  R  X
  SRAM                  20000000   00008000  00000211  00007def  RW X


SEGMENT ALLOCATION MAP

run origin  load origin   length   init length attrs members
----------  ----------- ---------- ----------- ----- -------
00000000    00000000    00001508   00001508    r-x
  00000000    00000000    0000026c   0000026c    r-- .intvecs
  0000026c    0000026c    0000113a   0000113a    r-x .text
  000013a8    000013a8    0000012c   0000012c    r-- .const
  000014d8    000014d8    00000030   00000030    r-- .cinit
20000000    20000000    00000211   00000000    rw-
  20000000    20000000    00000200   00000000    rw- .stack
  20000200    20000200    0000000c   00000000    rw- .bss
  2000020c    2000020c    00000005   00000000    rw- .data


SECTION ALLOCATION MAP

 output                                  attributes/
section   page    origin      length       input sections
--------  ----  ----------  ----------   ----------------
.intvecs   0    00000000    0000026c     
                  00000000    0000026c     tm4c123gh6pm_startup_ccs.obj (.intvecs)

.text      0    0000026c    0000113a     
                  0000026c    0000049c     uartstdio.obj (.text)
                  00000708    000002e4     hwt906.obj (.text)
                  000009ec    0000016c     driverlib.lib : gpio.obj (.text:GPIOPadConfigSet)
                  00000b58    00000120     SSI.obj (.text)
                  00000c78    00000118     driverlib.lib : sysctl.obj (.text:SysCtlClockGet)
                  00000d90    000000f4                   : sysctl.obj (.text:SysCtlClockSet)
                  00000e84    000000c0     main.obj (.text)
                  00000f44    0000009c     rtsv7M4_T_le_v4SPD16_eabi.lib : memcpy_t2.asm.obj (.text)
                  00000fe0    00000068                                   : copy_decompress_lzss.c.obj (.text:decompress:lzss:__TI_decompress_lzss)
                  00001048    0000004c     driverlib.lib : gpio.obj (.text:GPIOPinConfigure)
                  00001094    00000046                   : uart.obj (.text:UARTConfigSetExpClk)
                  000010da    00000002     rtsv7M4_T_le_v4SPD16_eabi.lib : div0.asm.obj (.text)
                  000010dc    00000044                                   : autoinit.c.obj (.text:__TI_auto_init_nobinit_nopinit:__TI_auto_init_nobinit_nopinit)
                  00001120    00000040                                   : u_divt2.asm.obj (.text)
                  00001160    0000003c     driverlib.lib : ssi.obj (.text:SSIConfigSetExpClk)
                  0000119c    00000038                   : sysctl.obj (.text:SysCtlPeripheralPresent)
                  000011d4    00000038                   : sysctl.obj (.text:SysCtlPeripheralReady)
                  0000120c    00000034                   : sysctl.obj (.text:SysCtlPeripheralEnable)
                  00001240    00000034     rtsv7M4_T_le_v4SPD16_eabi.lib : boot_cortex_m.c.obj (.text:_c_int00_noargs:_c_int00_noargs)
                  00001274    0000002c     driverlib.lib : gpio.obj (.text:GPIODirModeSet)
                  000012a0    00000020                   : uart.obj (.text:UARTDisable)
                  000012c0    0000001c     rtsv7M4_T_le_v4SPD16_eabi.lib : copy_zero_init.c.obj (.text:decompress:ZI:__TI_zero_init_nomemset:__TI_zero_init_nomemset)
                  000012dc    0000001a     driverlib.lib : gpio.obj (.text:GPIOPinTypeGPIOOutput)
                  000012f6    00000016                   : gpio.obj (.text:GPIOPinTypeSSI)
                  0000130c    00000016                   : gpio.obj (.text:GPIOPinTypeUART)
                  00001322    00000014                   : uart.obj (.text:UARTEnable)
                  00001336    0000000e     rtsv7M4_T_le_v4SPD16_eabi.lib : copy_decompress_none.c.obj (.text:decompress:none:__TI_decompress_none)
                  00001344    0000000c     driverlib.lib : ssi.obj (.text:SSIDataGet)
                  00001350    0000000c     tm4c123gh6pm_startup_ccs.obj (.text)
                  0000135c    0000000a     driverlib.lib : ssi.obj (.text:SSIDataPut)
                  00001366    0000000a                   : ssi.obj (.text:SSIEnable)
                  00001370    0000000a                   : uart.obj (.text:UARTCharGet)
                  0000137a    0000000a                   : uart.obj (.text:UARTCharPut)
                  00001384    00000008                   : ssi.obj (.text:SSIBusy)
                  0000138c    00000006                   : gpio.obj (.text:GPIOPinWrite)
                  00001392    00000006                   : sysctl.obj (.text:SysCtlDelay)
                  00001398    00000006                   : uart.obj (.text:UARTClockSourceSet)
                  0000139e    00000004     rtsv7M4_T_le_v4SPD16_eabi.lib : pre_init.c.obj (.text:_system_pre_init)
                  000013a2    00000004                                   : exit.c.obj (.text:abort:abort)

.const     0    000013a8    0000012c     
                  000013a8    00000090     driverlib.lib : gpio.obj (.const:g_pui32GPIOBaseAddrs)
                  00001438    0000006c                   : sysctl.obj (.const:g_pui32Xtals)
                  000014a4    00000012     uartstdio.obj (.const:.string)
                  000014b6    00000002     --HOLE-- [fill = 0]
                  000014b8    0000000c     uartstdio.obj (.const:g_ui32UARTBase)
                  000014c4    0000000c     uartstdio.obj (.const:g_ui32UARTPeriph)
                  000014d0    00000004     uartstdio.obj (.const)

.cinit     0    000014d8    00000030     
                  000014d8    0000000c     (__TI_handler_table)
                  000014e4    00000004     --HOLE-- [fill = 0]
                  000014e8    00000008     (.cinit..bss.load) [load image, compression = zero_init]
                  000014f0    00000008     (.cinit..data.load) [load image, compression = lzss]
                  000014f8    00000010     (__TI_cinit_table)

.init_array 
*          0    00000000    00000000     UNINITIALIZED

.bss       0    20000200    0000000c     UNINITIALIZED
                  20000200    0000000c     (.common:jiaodu)

.data      0    2000020c    00000005     UNINITIALIZED
                  2000020c    00000005     uartstdio.obj (.data)

.stack     0    20000000    00000200     UNINITIALIZED
                  20000000    00000004     rtsv7M4_T_le_v4SPD16_eabi.lib : boot_cortex_m.c.obj (.stack)
                  20000004    000001fc     --HOLE--

__llvm_prf_cnts 
*          0    20000000    00000000     UNINITIALIZED

MODULE SUMMARY

       Module                         code   ro data   rw data
       ------                         ----   -------   -------
    .\
       tm4c123gh6pm_startup_ccs.obj   12     620       0      
       main.obj                       192    0         12     
    +--+------------------------------+------+---------+---------+
       Total:                         204    620       12     
                                                              
    .\HWT906\
       hwt906.obj                     740    0         0      
    +--+------------------------------+------+---------+---------+
       Total:                         740    0         0      
                                                              
    .\SSI\
       SSI.obj                        288    0         0      
    +--+------------------------------+------+---------+---------+
       Total:                         288    0         0      
                                                              
    .\utils\
       uartstdio.obj                  1180   46        5      
    +--+------------------------------+------+---------+---------+
       Total:                         1180   46        5      
                                                              
    D:\Programs\CCS10\ccs\tools\compiler\ti-cgt-arm_20.2.1.LTS\lib\rtsv7M4_T_le_v4SPD16_eabi.lib
       memcpy_t2.asm.obj              156    0         0      
       copy_decompress_lzss.c.obj     104    0         0      
       autoinit.c.obj                 68     0         0      
       u_divt2.asm.obj                64     0         0      
       boot_cortex_m.c.obj            52     0         0      
       copy_zero_init.c.obj           28     0         0      
       copy_decompress_none.c.obj     14     0         0      
       exit.c.obj                     4      0         0      
       pre_init.c.obj                 4      0         0      
       div0.asm.obj                   2      0         0      
    +--+------------------------------+------+---------+---------+
       Total:                         496    0         0      
                                                              
    E:/MCU/TM4/TivaWare_C_Series-2.2.0.295/driverlib/ccs/Debug/driverlib.lib
       sysctl.obj                     694    108       0      
       gpio.obj                       560    144       0      
       uart.obj                       148    0         0      
       ssi.obj                        100    0         0      
    +--+------------------------------+------+---------+---------+
       Total:                         1502   252       0      
                                                              
       Stack:                         0      0         512    
       Linker Generated:              0      44        0      
    +--+------------------------------+------+---------+---------+
       Grand Total:                   4410   962       529    


LINKER GENERATED COPY TABLES

__TI_cinit_table @ 000014f8 records: 2, size/record: 8, table size: 16
	.bss: load addr=000014e8, load size=00000008 bytes, run addr=20000200, run size=0000000c bytes, compression=zero_init
	.data: load addr=000014f0, load size=00000008 bytes, run addr=2000020c, run size=00000005 bytes, compression=lzss


LINKER GENERATED HANDLER TABLE

__TI_handler_table @ 000014d8 records: 3, size/record: 4, table size: 12
	index: 0, handler: __TI_decompress_lzss
	index: 1, handler: __TI_decompress_none
	index: 2, handler: __TI_zero_init


GLOBAL SYMBOLS: SORTED ALPHABETICALLY BY Name 

address   name                          
-------   ----                          
000013a3  C$$EXIT                       
000007df  CharToShort                   
00001275  GPIODirModeSet                
000009ed  GPIOPadConfigSet              
00001049  GPIOPinConfigure              
000012dd  GPIOPinTypeGPIOOutput         
000012f7  GPIOPinTypeSSI                
0000130d  GPIOPinTypeUART               
0000138d  GPIOPinWrite                  
00000721  HWT906_SPIReadBytes           
00000709  HWT906_SPI_Transmit_Receive   
0000080b  HWT_Read_A                    
00000877  HWT_Read_G                    
00000901  HWT_Read_H                    
0000094f  HWT_Read_RPY                  
00001351  ResetISR                      
00000b59  SSI0_Init                     
00000c29  SSI0_receive                  
00000bf3  SSI0_send                     
00001385  SSIBusy                       
00001161  SSIConfigSetExpClk            
00001345  SSIDataGet                    
0000135d  SSIDataPut                    
00001367  SSIEnable                     
000007bb  ShortToChar                   
00000c79  SysCtlClockGet                
00000d91  SysCtlClockSet                
00001393  SysCtlDelay                   
0000120d  SysCtlPeripheralEnable        
0000119d  SysCtlPeripheralPresent       
000011d5  SysCtlPeripheralReady         
00001371  UARTCharGet                   
0000137b  UARTCharPut                   
00001399  UARTClockSourceSet            
00001095  UARTConfigSetExpClk           
000012a1  UARTDisable                   
00001323  UARTEnable                    
0000026d  UARTStdioConfig               
000003b3  UARTgetc                      
000002f9  UARTgets                      
000006d3  UARTprintf                    
000003d9  UARTvprintf                   
000002b3  UARTwrite                     
000007f7  WriteCS                       
20000200  __STACK_END                   
00000200  __STACK_SIZE                  
20000200  __STACK_TOP                   
000014f8  __TI_CINIT_Base               
00001508  __TI_CINIT_Limit              
000014d8  __TI_Handler_Table_Base       
000014e4  __TI_Handler_Table_Limit      
000010dd  __TI_auto_init_nobinit_nopinit
00000fe1  __TI_decompress_lzss          
00001337  __TI_decompress_none          
ffffffff  __TI_pprof_out_hndl           
ffffffff  __TI_prof_data_size           
ffffffff  __TI_prof_data_start          
00000000  __TI_static_base__            
000012c1  __TI_zero_init_nomemset       
000010db  __aeabi_idiv0                 
000010db  __aeabi_ldiv0                 
00000f45  __aeabi_memcpy                
00000f45  __aeabi_memcpy4               
00000f45  __aeabi_memcpy8               
00001121  __aeabi_uidiv                 
00001121  __aeabi_uidivmod              
ffffffff  __binit__                     
ffffffff  __c_args__                    
UNDEFED   __mpu_init                    
20000000  __stack                       
20000000  __start___llvm_prf_cnts       
20000000  __stop___llvm_prf_cnts        
00001241  _c_int00_noargs               
UNDEFED   _system_post_cinit            
0000139f  _system_pre_init              
000013a3  abort                         
ffffffff  binit                         
00000000  g_pfnVectors                  
00000bd7  gpio_ss_high                  
00000bb1  gpio_ss_init                  
00000be5  gpio_ss_low                   
20000200  jiaodu                        
00000e85  main                          
00000f45  memcpy                        


GLOBAL SYMBOLS: SORTED BY Symbol Address 

address   name                          
-------   ----                          
00000000  __TI_static_base__            
00000000  g_pfnVectors                  
00000200  __STACK_SIZE                  
0000026d  UARTStdioConfig               
000002b3  UARTwrite                     
000002f9  UARTgets                      
000003b3  UARTgetc                      
000003d9  UARTvprintf                   
000006d3  UARTprintf                    
00000709  HWT906_SPI_Transmit_Receive   
00000721  HWT906_SPIReadBytes           
000007bb  ShortToChar                   
000007df  CharToShort                   
000007f7  WriteCS                       
0000080b  HWT_Read_A                    
00000877  HWT_Read_G                    
00000901  HWT_Read_H                    
0000094f  HWT_Read_RPY                  
000009ed  GPIOPadConfigSet              
00000b59  SSI0_Init                     
00000bb1  gpio_ss_init                  
00000bd7  gpio_ss_high                  
00000be5  gpio_ss_low                   
00000bf3  SSI0_send                     
00000c29  SSI0_receive                  
00000c79  SysCtlClockGet                
00000d91  SysCtlClockSet                
00000e85  main                          
00000f45  __aeabi_memcpy                
00000f45  __aeabi_memcpy4               
00000f45  __aeabi_memcpy8               
00000f45  memcpy                        
00000fe1  __TI_decompress_lzss          
00001049  GPIOPinConfigure              
00001095  UARTConfigSetExpClk           
000010db  __aeabi_idiv0                 
000010db  __aeabi_ldiv0                 
000010dd  __TI_auto_init_nobinit_nopinit
00001121  __aeabi_uidiv                 
00001121  __aeabi_uidivmod              
00001161  SSIConfigSetExpClk            
0000119d  SysCtlPeripheralPresent       
000011d5  SysCtlPeripheralReady         
0000120d  SysCtlPeripheralEnable        
00001241  _c_int00_noargs               
00001275  GPIODirModeSet                
000012a1  UARTDisable                   
000012c1  __TI_zero_init_nomemset       
000012dd  GPIOPinTypeGPIOOutput         
000012f7  GPIOPinTypeSSI                
0000130d  GPIOPinTypeUART               
00001323  UARTEnable                    
00001337  __TI_decompress_none          
00001345  SSIDataGet                    
00001351  ResetISR                      
0000135d  SSIDataPut                    
00001367  SSIEnable                     
00001371  UARTCharGet                   
0000137b  UARTCharPut                   
00001385  SSIBusy                       
0000138d  GPIOPinWrite                  
00001393  SysCtlDelay                   
00001399  UARTClockSourceSet            
0000139f  _system_pre_init              
000013a3  C$$EXIT                       
000013a3  abort                         
000014d8  __TI_Handler_Table_Base       
000014e4  __TI_Handler_Table_Limit      
000014f8  __TI_CINIT_Base               
00001508  __TI_CINIT_Limit              
20000000  __stack                       
20000000  __start___llvm_prf_cnts       
20000000  __stop___llvm_prf_cnts        
20000200  __STACK_END                   
20000200  __STACK_TOP                   
20000200  jiaodu                        
ffffffff  __TI_pprof_out_hndl           
ffffffff  __TI_prof_data_size           
ffffffff  __TI_prof_data_start          
ffffffff  __binit__                     
ffffffff  __c_args__                    
ffffffff  binit                         
UNDEFED   __mpu_init                    
UNDEFED   _system_post_cinit            

[84 symbols]
